> Task :api:checkKotlinGradlePluginConfigurationErrors SKIPPED
> Task :api:preBuild UP-TO-DATE
> Task :api:preDebugBuild UP-TO-DATE
> Task :api:generateDebugResValues UP-TO-DATE
> Task :api:generateDebugResources UP-TO-DATE
> Task :api:packageDebugResources UP-TO-DATE
> Task :api:processDebugNavigationResources UP-TO-DATE
> Task :api:parseDebugLocalResources UP-TO-DATE
> Task :api:generateDebugRFile UP-TO-DATE
> Task :api:compileDebugKotlin UP-TO-DATE
> Task :api:javaPreCompileDebug UP-TO-DATE
> Task :api:compileDebugJavaWithJavac NO-SOURCE
> Task :api:bundleLibRuntimeToJarDebug UP-TO-DATE
> Task :api:bundleLibCompileToJarDebug UP-TO-DATE
> Task :api:preDebugUnitTestBuild UP-TO-DATE
> Task :api:generateDebugUnitTestStubRFile UP-TO-DATE
> Task :api:compileDebugUnitTestKotlin UP-TO-DATE
> Task :api:javaPreCompileDebugUnitTest UP-TO-DATE
> Task :api:compileDebugUnitTestJavaWithJavac NO-SOURCE
> Task :api:processDebugJavaRes UP-TO-DATE
> Task :api:processDebugUnitTestJavaRes UP-TO-DATE
> Task :api:testDebugUnitTest UP-TO-DATE
> Task :api:preReleaseBuild UP-TO-DATE
> Task :api:generateReleaseResValues UP-TO-DATE
> Task :api:generateReleaseResources UP-TO-DATE
> Task :api:packageReleaseResources UP-TO-DATE
> Task :api:processReleaseNavigationResources UP-TO-DATE
> Task :api:parseReleaseLocalResources UP-TO-DATE
> Task :api:generateReleaseRFile UP-TO-DATE
> Task :api:compileReleaseKotlin UP-TO-DATE
> Task :api:javaPreCompileRelease UP-TO-DATE
> Task :api:compileReleaseJavaWithJavac NO-SOURCE
> Task :api:bundleLibRuntimeToJarRelease UP-TO-DATE
> Task :api:bundleLibCompileToJarRelease UP-TO-DATE
> Task :api:preReleaseUnitTestBuild UP-TO-DATE
> Task :api:generateReleaseUnitTestStubRFile UP-TO-DATE
> Task :api:compileReleaseUnitTestKotlin UP-TO-DATE
> Task :api:javaPreCompileReleaseUnitTest UP-TO-DATE
> Task :api:compileReleaseUnitTestJavaWithJavac NO-SOURCE
> Task :api:processReleaseJavaRes UP-TO-DATE
> Task :api:processReleaseUnitTestJavaRes UP-TO-DATE
> Task :api:testReleaseUnitTest UP-TO-DATE
> Task :api:test UP-TO-DATE
> Task :app:checkKotlinGradlePluginConfigurationErrors SKIPPED
> Task :app:preBuild UP-TO-DATE
> Task :app:preDebugBuild UP-TO-DATE
> Task :app:generateDebugBuildConfig UP-TO-DATE
> Task :api:compileDebugLibraryResources UP-TO-DATE
> Task :api:writeDebugAarMetadata UP-TO-DATE
> Task :app:checkDebugAarMetadata UP-TO-DATE
> Task :app:processDebugNavigationResources UP-TO-DATE
> Task :app:compileDebugNavigationResources UP-TO-DATE
> Task :app:generateDebugResValues UP-TO-DATE
> Task :app:mapDebugSourceSetPaths UP-TO-DATE
> Task :app:generateDebugResources UP-TO-DATE
> Task :app:mergeDebugResources UP-TO-DATE
> Task :app:packageDebugResources UP-TO-DATE
> Task :app:parseDebugLocalResources UP-TO-DATE
> Task :app:createDebugCompatibleScreenManifests UP-TO-DATE
> Task :api:extractDeepLinksDebug UP-TO-DATE
> Task :api:processDebugManifest UP-TO-DATE
> Task :app:extractDeepLinksDebug UP-TO-DATE
> Task :app:processDebugMainManifest UP-TO-DATE
> Task :app:processDebugManifest UP-TO-DATE
> Task :app:processDebugManifestForPackage UP-TO-DATE
> Task :app:processDebugResources UP-TO-DATE
> Task :app:kspDebugKotlin UP-TO-DATE
> Task :app:javaPreCompileDebug UP-TO-DATE
> Task :app:preDebugUnitTestBuild UP-TO-DATE
> Task :app:javaPreCompileDebugUnitTest UP-TO-DATE
> Task :app:buildKotlinToolingMetadata UP-TO-DATE
> Task :app:preReleaseBuild UP-TO-DATE
> Task :app:generateReleaseBuildConfig UP-TO-DATE
> Task :api:compileReleaseLibraryResources UP-TO-DATE
> Task :api:writeReleaseAarMetadata UP-TO-DATE
> Task :app:checkReleaseAarMetadata UP-TO-DATE
> Task :app:processReleaseNavigationResources UP-TO-DATE
> Task :app:compileReleaseNavigationResources UP-TO-DATE
> Task :app:generateReleaseResValues UP-TO-DATE
> Task :app:mapReleaseSourceSetPaths UP-TO-DATE
> Task :app:generateReleaseResources UP-TO-DATE
> Task :app:mergeReleaseResources UP-TO-DATE
> Task :app:packageReleaseResources UP-TO-DATE
> Task :app:parseReleaseLocalResources UP-TO-DATE
> Task :app:createReleaseCompatibleScreenManifests UP-TO-DATE
> Task :api:extractDeepLinksRelease UP-TO-DATE
> Task :api:processReleaseManifest UP-TO-DATE
> Task :app:extractDeepLinksRelease UP-TO-DATE
> Task :app:processReleaseMainManifest UP-TO-DATE
> Task :app:processReleaseManifest UP-TO-DATE
> Task :app:processReleaseManifestForPackage UP-TO-DATE
> Task :app:processReleaseResources UP-TO-DATE
> Task :app:kspReleaseKotlin UP-TO-DATE
> Task :app:javaPreCompileRelease UP-TO-DATE
> Task :app:preReleaseUnitTestBuild UP-TO-DATE
> Task :app:javaPreCompileReleaseUnitTest UP-TO-DATE

> Task :app:compileDebugKotlin FAILED
e: file:///Users/hossain/dev/repos/hk-projects/trmnl-android-buddy/app/src/main/java/ink/trmnl/android/buddy/ui/accesstoken/AccessTokenScreen.kt:12:34 Unresolved reference 'icons'.
e: file:///Users/hossain/dev/repos/hk-projects/trmnl-android-buddy/app/src/main/java/ink/trmnl/android/buddy/ui/accesstoken/AccessTokenScreen.kt:13:34 Unresolved reference 'icons'.
e: file:///Users/hossain/dev/repos/hk-projects/trmnl-android-buddy/app/src/main/java/ink/trmnl/android/buddy/ui/accesstoken/AccessTokenScreen.kt:14:34 Unresolved reference 'icons'.
e: file:///Users/hossain/dev/repos/hk-projects/trmnl-android-buddy/app/src/main/java/ink/trmnl/android/buddy/ui/accesstoken/AccessTokenScreen.kt:15:34 Unresolved reference 'icons'.
e: file:///Users/hossain/dev/repos/hk-projects/trmnl-android-buddy/app/src/main/java/ink/trmnl/android/buddy/ui/accesstoken/AccessTokenScreen.kt:177:43 Unresolved reference 'Icons'.
e: file:///Users/hossain/dev/repos/hk-projects/trmnl-android-buddy/app/src/main/java/ink/trmnl/android/buddy/ui/accesstoken/AccessTokenScreen.kt:246:37 Unresolved reference 'Icons'.
e: file:///Users/hossain/dev/repos/hk-projects/trmnl-android-buddy/app/src/main/java/ink/trmnl/android/buddy/ui/accesstoken/AccessTokenScreen.kt:248:37 Unresolved reference 'Icons'.

> Task :app:compileReleaseKotlin FAILED
e: file:///Users/hossain/dev/repos/hk-projects/trmnl-android-buddy/app/src/main/java/ink/trmnl/android/buddy/ui/accesstoken/AccessTokenScreen.kt:12:34 Unresolved reference 'icons'.
e: file:///Users/hossain/dev/repos/hk-projects/trmnl-android-buddy/app/src/main/java/ink/trmnl/android/buddy/ui/accesstoken/AccessTokenScreen.kt:13:34 Unresolved reference 'icons'.
e: file:///Users/hossain/dev/repos/hk-projects/trmnl-android-buddy/app/src/main/java/ink/trmnl/android/buddy/ui/accesstoken/AccessTokenScreen.kt:14:34 Unresolved reference 'icons'.
e: file:///Users/hossain/dev/repos/hk-projects/trmnl-android-buddy/app/src/main/java/ink/trmnl/android/buddy/ui/accesstoken/AccessTokenScreen.kt:15:34 Unresolved reference 'icons'.
e: file:///Users/hossain/dev/repos/hk-projects/trmnl-android-buddy/app/src/main/java/ink/trmnl/android/buddy/ui/accesstoken/AccessTokenScreen.kt:177:43 Unresolved reference 'Icons'.
e: file:///Users/hossain/dev/repos/hk-projects/trmnl-android-buddy/app/src/main/java/ink/trmnl/android/buddy/ui/accesstoken/AccessTokenScreen.kt:246:37 Unresolved reference 'Icons'.
e: file:///Users/hossain/dev/repos/hk-projects/trmnl-android-buddy/app/src/main/java/ink/trmnl/android/buddy/ui/accesstoken/AccessTokenScreen.kt:248:37 Unresolved reference 'Icons'.

[Incubating] Problems report is available at: file:///Users/hossain/dev/repos/hk-projects/trmnl-android-buddy/build/reports/problems/problems-report.html

FAILURE: Build completed with 2 failures.

1: Task failed with an exception.
-----------
* What went wrong:
Execution failed for task ':app:compileDebugKotlin'.
> A failure occurred while executing org.jetbrains.kotlin.compilerRunner.GradleCompilerRunnerWithWorkers$GradleKotlinCompilerWorkAction
   > Compilation error. See log for more details

* Try:
> Run with --stacktrace option to get the stack trace.
> Run with --info or --debug option to get more log output.
> Run with --scan to generate a Build Scan (Powered by Develocity).
> Get more help at https://help.gradle.org.
==============================================================================

2: Task failed with an exception.
-----------
* What went wrong:
Execution failed for task ':app:compileReleaseKotlin'.
> A failure occurred while executing org.jetbrains.kotlin.compilerRunner.GradleCompilerRunnerWithWorkers$GradleKotlinCompilerWorkAction
   > Compilation error. See log for more details

* Try:
> Run with --stacktrace option to get the stack trace.
> Run with --info or --debug option to get more log output.
> Run with --scan to generate a Build Scan (Powered by Develocity).
> Get more help at https://help.gradle.org.
==============================================================================

Deprecated Gradle features were used in this build, making it incompatible with Gradle 10.

You can use '--warning-mode all' to show the individual deprecation warnings and determine if they come from your own scripts or plugins.

For more on this, please refer to https://docs.gradle.org/9.1.0/userguide/command_line_interface.html#sec:command_line_warnings in the Gradle documentation.

BUILD FAILED in 2s
81 actionable tasks: 2 executed, 79 up-to-date
