> Task :api:checkKotlinGradlePluginConfigurationErrors SKIPPED
> Task :api:preBuild UP-TO-DATE
> Task :api:preDebugBuild UP-TO-DATE
> Task :api:generateDebugResValues UP-TO-DATE
> Task :api:generateDebugResources UP-TO-DATE
> Task :api:packageDebugResources UP-TO-DATE
> Task :api:parseDebugLocalResources UP-TO-DATE
> Task :api:generateDebugRFile UP-TO-DATE
> Task :api:compileDebugKotlin UP-TO-DATE
> Task :api:javaPreCompileDebug UP-TO-DATE
> Task :api:compileDebugJavaWithJavac NO-SOURCE
> Task :api:bundleLibRuntimeToJarDebug UP-TO-DATE
> Task :api:bundleLibCompileToJarDebug UP-TO-DATE
> Task :api:preDebugUnitTestBuild UP-TO-DATE
> Task :api:generateDebugUnitTestStubRFile UP-TO-DATE
> Task :api:compileDebugUnitTestKotlin UP-TO-DATE
> Task :api:javaPreCompileDebugUnitTest UP-TO-DATE
> Task :api:compileDebugUnitTestJavaWithJavac NO-SOURCE
> Task :api:processDebugJavaRes UP-TO-DATE
> Task :api:processDebugUnitTestJavaRes UP-TO-DATE
> Task :api:testDebugUnitTest UP-TO-DATE
> Task :api:preReleaseBuild UP-TO-DATE
> Task :api:generateReleaseResValues UP-TO-DATE
> Task :api:generateReleaseResources UP-TO-DATE
> Task :api:packageReleaseResources UP-TO-DATE
> Task :api:parseReleaseLocalResources UP-TO-DATE
> Task :api:generateReleaseRFile UP-TO-DATE
> Task :api:compileReleaseKotlin UP-TO-DATE
> Task :api:javaPreCompileRelease UP-TO-DATE
> Task :api:compileReleaseJavaWithJavac NO-SOURCE
> Task :api:bundleLibRuntimeToJarRelease UP-TO-DATE
> Task :api:bundleLibCompileToJarRelease UP-TO-DATE
> Task :api:preReleaseUnitTestBuild UP-TO-DATE
> Task :api:generateReleaseUnitTestStubRFile UP-TO-DATE
> Task :api:compileReleaseUnitTestKotlin UP-TO-DATE
> Task :api:javaPreCompileReleaseUnitTest UP-TO-DATE
> Task :api:compileReleaseUnitTestJavaWithJavac NO-SOURCE
> Task :api:processReleaseJavaRes UP-TO-DATE
> Task :api:processReleaseUnitTestJavaRes UP-TO-DATE
> Task :api:testReleaseUnitTest UP-TO-DATE
> Task :api:test UP-TO-DATE
> Task :app:checkKotlinGradlePluginConfigurationErrors SKIPPED
> Task :app:preBuild UP-TO-DATE
> Task :app:preDebugBuild UP-TO-DATE
> Task :app:generateDebugBuildConfig UP-TO-DATE
> Task :api:compileDebugLibraryResources UP-TO-DATE
> Task :api:writeDebugAarMetadata UP-TO-DATE
> Task :content:preBuild UP-TO-DATE
> Task :content:preDebugBuild UP-TO-DATE
> Task :content:writeDebugAarMetadata UP-TO-DATE
> Task :app:checkDebugAarMetadata UP-TO-DATE
> Task :app:generateDebugResValues UP-TO-DATE
> Task :content:generateDebugResValues UP-TO-DATE
> Task :content:generateDebugResources UP-TO-DATE
> Task :content:packageDebugResources UP-TO-DATE
> Task :app:mapDebugSourceSetPaths UP-TO-DATE
> Task :app:generateDebugResources UP-TO-DATE
> Task :app:mergeDebugResources UP-TO-DATE
> Task :app:packageDebugResources UP-TO-DATE
> Task :app:parseDebugLocalResources UP-TO-DATE
> Task :app:createDebugCompatibleScreenManifests UP-TO-DATE
> Task :api:extractDeepLinksDebug UP-TO-DATE
> Task :api:processDebugManifest UP-TO-DATE
> Task :app:extractDeepLinksDebug UP-TO-DATE
> Task :content:extractDeepLinksDebug UP-TO-DATE
> Task :content:processDebugManifest UP-TO-DATE
> Task :app:processDebugMainManifest UP-TO-DATE
> Task :app:processDebugManifest UP-TO-DATE
> Task :app:processDebugManifestForPackage UP-TO-DATE
> Task :content:compileDebugLibraryResources UP-TO-DATE
> Task :content:parseDebugLocalResources UP-TO-DATE
> Task :content:generateDebugRFile UP-TO-DATE
> Task :app:processDebugResources UP-TO-DATE
> Task :content:checkKotlinGradlePluginConfigurationErrors SKIPPED
> Task :content:kspDebugKotlin UP-TO-DATE
> Task :content:compileDebugKotlin UP-TO-DATE
> Task :content:javaPreCompileDebug UP-TO-DATE
> Task :content:compileDebugJavaWithJavac NO-SOURCE
> Task :content:bundleLibCompileToJarDebug UP-TO-DATE
> Task :app:kspDebugKotlin UP-TO-DATE
> Task :app:compileDebugKotlin UP-TO-DATE
> Task :app:javaPreCompileDebug UP-TO-DATE
> Task :app:compileDebugJavaWithJavac UP-TO-DATE
> Task :app:bundleDebugClassesToRuntimeJar UP-TO-DATE
> Task :app:bundleDebugClassesToCompileJar UP-TO-DATE
> Task :app:kspDebugUnitTestKotlin UP-TO-DATE
> Task :app:compileDebugUnitTestKotlin UP-TO-DATE
> Task :app:preDebugUnitTestBuild UP-TO-DATE
> Task :app:javaPreCompileDebugUnitTest UP-TO-DATE
> Task :app:compileDebugUnitTestJavaWithJavac NO-SOURCE
> Task :app:processDebugJavaRes UP-TO-DATE
> Task :app:processDebugUnitTestJavaRes UP-TO-DATE
> Task :content:bundleLibRuntimeToJarDebug UP-TO-DATE
> Task :content:processDebugJavaRes UP-TO-DATE
> Task :app:testDebugUnitTest UP-TO-DATE
> Task :app:buildKotlinToolingMetadata UP-TO-DATE
> Task :app:preReleaseBuild UP-TO-DATE
> Task :app:generateReleaseBuildConfig UP-TO-DATE
> Task :api:compileReleaseLibraryResources UP-TO-DATE
> Task :api:writeReleaseAarMetadata UP-TO-DATE
> Task :content:preReleaseBuild UP-TO-DATE
> Task :content:writeReleaseAarMetadata UP-TO-DATE
> Task :app:checkReleaseAarMetadata UP-TO-DATE
> Task :app:generateReleaseResValues UP-TO-DATE
> Task :content:generateReleaseResValues UP-TO-DATE
> Task :content:generateReleaseResources UP-TO-DATE
> Task :content:packageReleaseResources UP-TO-DATE
> Task :app:mapReleaseSourceSetPaths UP-TO-DATE
> Task :app:generateReleaseResources UP-TO-DATE
> Task :app:mergeReleaseResources UP-TO-DATE
> Task :app:packageReleaseResources UP-TO-DATE
> Task :app:parseReleaseLocalResources UP-TO-DATE
> Task :app:createReleaseCompatibleScreenManifests UP-TO-DATE
> Task :api:extractDeepLinksRelease UP-TO-DATE
> Task :api:processReleaseManifest UP-TO-DATE
> Task :app:extractDeepLinksRelease UP-TO-DATE
> Task :content:extractDeepLinksRelease UP-TO-DATE
> Task :content:processReleaseManifest UP-TO-DATE
> Task :app:processReleaseMainManifest UP-TO-DATE
> Task :app:processReleaseManifest UP-TO-DATE
> Task :app:processReleaseManifestForPackage UP-TO-DATE
> Task :content:compileReleaseLibraryResources UP-TO-DATE
> Task :content:parseReleaseLocalResources UP-TO-DATE
> Task :content:generateReleaseRFile UP-TO-DATE
> Task :app:processReleaseResources UP-TO-DATE
> Task :content:kspReleaseKotlin UP-TO-DATE
> Task :content:compileReleaseKotlin UP-TO-DATE
> Task :content:javaPreCompileRelease UP-TO-DATE
> Task :content:compileReleaseJavaWithJavac NO-SOURCE
> Task :content:bundleLibCompileToJarRelease UP-TO-DATE
> Task :app:kspReleaseKotlin UP-TO-DATE
> Task :app:compileReleaseKotlin UP-TO-DATE
> Task :app:javaPreCompileRelease UP-TO-DATE
> Task :app:compileReleaseJavaWithJavac UP-TO-DATE
> Task :app:bundleReleaseClassesToRuntimeJar UP-TO-DATE
> Task :app:bundleReleaseClassesToCompileJar UP-TO-DATE
> Task :app:kspReleaseUnitTestKotlin UP-TO-DATE
> Task :app:compileReleaseUnitTestKotlin UP-TO-DATE
> Task :app:preReleaseUnitTestBuild UP-TO-DATE
> Task :app:javaPreCompileReleaseUnitTest UP-TO-DATE
> Task :app:compileReleaseUnitTestJavaWithJavac NO-SOURCE
> Task :app:processReleaseJavaRes UP-TO-DATE
> Task :app:processReleaseUnitTestJavaRes UP-TO-DATE
> Task :content:bundleLibRuntimeToJarRelease UP-TO-DATE
> Task :content:processReleaseJavaRes UP-TO-DATE
> Task :app:testReleaseUnitTest UP-TO-DATE
> Task :app:test UP-TO-DATE
> Task :content:preDebugUnitTestBuild UP-TO-DATE
> Task :content:generateDebugUnitTestStubRFile UP-TO-DATE
> Task :content:kspDebugUnitTestKotlin UP-TO-DATE
> Task :content:compileDebugUnitTestKotlin UP-TO-DATE
> Task :content:javaPreCompileDebugUnitTest UP-TO-DATE
> Task :content:compileDebugUnitTestJavaWithJavac NO-SOURCE
> Task :content:processDebugUnitTestJavaRes UP-TO-DATE
> Task :content:testDebugUnitTest UP-TO-DATE
> Task :content:preReleaseUnitTestBuild UP-TO-DATE
> Task :content:generateReleaseUnitTestStubRFile UP-TO-DATE
> Task :content:kspReleaseUnitTestKotlin UP-TO-DATE
> Task :content:compileReleaseUnitTestKotlin UP-TO-DATE
> Task :content:javaPreCompileReleaseUnitTest UP-TO-DATE
> Task :content:compileReleaseUnitTestJavaWithJavac NO-SOURCE
> Task :content:processReleaseUnitTestJavaRes UP-TO-DATE
> Task :content:testReleaseUnitTest UP-TO-DATE
> Task :content:test UP-TO-DATE

[Incubating] Problems report is available at: file:///Users/hossain/dev/repos/hk-projects/trmnl-android-buddy/build/reports/problems/problems-report.html

Deprecated Gradle features were used in this build, making it incompatible with Gradle 10.

You can use '--warning-mode all' to show the individual deprecation warnings and determine if they come from your own scripts or plugins.

For more on this, please refer to https://docs.gradle.org/9.1.0/userguide/command_line_interface.html#sec:command_line_warnings in the Gradle documentation.

BUILD SUCCESSFUL in 844ms
133 actionable tasks: 133 up-to-date
Consider enabling configuration cache to speed up this build: https://docs.gradle.org/9.1.0/userguide/configuration_cache_enabling.html
